// Jest Snapshot v1, https://goo.gl/fbAQLP

exports[`OrdersFilterClosedWithDialogPage matches the snapshot desktop 1`] = `<div />`;

exports[`OrdersFilterClosedWithDialogPage matches the snapshot laptop 1`] = `<div />`;

exports[`OrdersFilterClosedWithDialogPage matches the snapshot mobile 1`] = `<div />`;
